// Jest Snapshot v1, https://goo.gl/fbAQLP

exports[`expect to render Home Component 1`] = `ShallowWrapper {}`;
